Using pre-set license

 COMMAND LINE ARGUMENTS:
/Applications/Unity/Unity.app/Contents/MacOS/Unity
-adb2
-batchMode
-noUpm
-name
AssetImportWorker0
-projectPath
/Users/game12/Desktop/Create With Code/Prototype 2
-logFile
Logs/AssetImportWorker0.log
-srvPort
54870
Successfully changed project path to: /Users/game12/Desktop/Create With Code/Prototype 2
Could not lock editor preferences. Preferences updates for this instance of Unity will not be saved./Users/game12/Desktop/Create With Code/Prototype 2
Using Asset Import Pipeline V2.
Refreshing native plugins compatible for Editor in 62.54 ms, found 1 plugins.
Preloading 0 native plugins for Editor in 0.00 ms.
Initialize engine version: 2021.1.6f1 (c0fade0cc7e9)
[Subsystems] Discovering subsystems at path /Applications/Unity/Unity.app/Contents/Resources/UnitySubsystems
[Subsystems] Discovering subsystems at path /Users/game12/Desktop/Create With Code/Prototype 2/Assets
GfxDevice: creating device client; threaded=0; jobified=0
2025-10-08 11:59:44.684 Unity[27065:2172891] iMac preferred device: AMD Radeon Pro 5300 (high power)
2025-10-08 11:59:44.684 Unity[27065:2172891] Metal devices available: 1
2025-10-08 11:59:44.684 Unity[27065:2172891] 0: AMD Radeon Pro 5300 (high power)
2025-10-08 11:59:44.684 Unity[27065:2172891] Using device AMD Radeon Pro 5300 (high power)
Initializing Metal device caps: AMD Radeon Pro 5300
Initialize mono
Mono path[0] = '/Applications/Unity/Unity.app/Contents/Managed'
Mono path[1] = '/Applications/Unity/Unity.app/Contents/MonoBleedingEdge/lib/mono/unityjit'
Mono config path = '/Applications/Unity/Unity.app/Contents/MonoBleedingEdge/etc'
Using monoOptions --debugger-agent=transport=dt_socket,embedding=1,server=y,suspend=n,address=127.0.0.1:56065
Begin MonoManager ReloadAssembly
Registering precompiled unity dll's ...
Register platform support module: /Applications/Unity/Unity.app/Contents/PlaybackEngines/MacStandaloneSupport/UnityEditor.OSXStandalone.Extensions.dll
Registered in 0.000741 seconds.
Native extension for OSXStandalone target not found
Refreshing native plugins compatible for Editor in 60.11 ms, found 1 plugins.
Preloading 0 native plugins for Editor in 0.00 ms.
Mono: successfully reloaded assembly
- Completed reload, in  2.213 seconds
Platform modules already initialized, skipping
Registering precompiled user dll's ...
Registered in 0.001808 seconds.
Begin MonoManager ReloadAssembly
Native extension for OSXStandalone target not found
Refreshing native plugins compatible for Editor in 0.43 ms, found 1 plugins.
Preloading 0 native plugins for Editor in 0.00 ms.
Mono: successfully reloaded assembly
- Completed reload, in  0.976 seconds
Platform modules already initialized, skipping
========================================================================
Worker process is ready to serve import requests
Launching external process: /Applications/Unity/Unity.app/Contents/Tools/UnityShaderCompiler
Launched and connected shader compiler UnityShaderCompiler after 0.01 seconds
Refreshing native plugins compatible for Editor in 0.43 ms, found 1 plugins.
Preloading 0 native plugins for Editor in 0.00 ms.
Unloading 2670 Unused Serialized files (Serialized files now loaded: 0)
System memory in use before: 165.8 MB.
System memory in use after: 166.0 MB.

Unloading 15 unused Assets to reduce memory usage. Loaded Objects now: 3123.
Total: 2.273004 ms (FindLiveObjects: 0.347892 ms CreateObjectMapping: 0.132300 ms MarkObjects: 1.724520 ms  DeleteObjects: 0.067634 ms)

========================================================================
Received Import Request.
  path: Assets/Prefabs/Farm/Animal_Rooster_Brown.prefab
  artifactKey: Guid(3fe800c166ae0d04881a20247bde736d) Importer(815301076,1909f56bfc062723c751e8b465ee728b)
Start importing Assets/Prefabs/Farm/Animal_Rooster_Brown.prefab using Guid(3fe800c166ae0d04881a20247bde736d) Importer(815301076,1909f56bfc062723c751e8b465ee728b)  -> (artifact id: '9bc691b11747b7cc91ee2d8f30218835') in 0.830946 seconds 
========================================================================
Received Prepare
Registering precompiled user dll's ...
Registered in 0.001420 seconds.
Begin MonoManager ReloadAssembly
Native extension for OSXStandalone target not found
Refreshing native plugins compatible for Editor in 0.43 ms, found 1 plugins.
Preloading 0 native plugins for Editor in 0.00 ms.
Mono: successfully reloaded assembly
- Completed reload, in  0.928 seconds
Platform modules already initialized, skipping
Refreshing native plugins compatible for Editor in 0.43 ms, found 1 plugins.
Preloading 0 native plugins for Editor in 0.00 ms.
Unloading 2665 Unused Serialized files (Serialized files now loaded: 0)
System memory in use before: 188.3 MB.
System memory in use after: 188.5 MB.

Unloading 10 unused Assets to reduce memory usage. Loaded Objects now: 3134.
Total: 1.920336 ms (FindLiveObjects: 0.189656 ms CreateObjectMapping: 0.094434 ms MarkObjects: 1.593801 ms  DeleteObjects: 0.041817 ms)

========================================================================
Received Prepare
Registering precompiled user dll's ...
Registered in 0.001491 seconds.
Begin MonoManager ReloadAssembly
Native extension for OSXStandalone target not found
Refreshing native plugins compatible for Editor in 0.43 ms, found 1 plugins.
Preloading 0 native plugins for Editor in 0.00 ms.
Mono: successfully reloaded assembly
- Completed reload, in  0.949 seconds
Platform modules already initialized, skipping
Refreshing native plugins compatible for Editor in 0.44 ms, found 1 plugins.
Preloading 0 native plugins for Editor in 0.00 ms.
Unloading 2665 Unused Serialized files (Serialized files now loaded: 0)
System memory in use before: 188.5 MB.
System memory in use after: 188.7 MB.

Unloading 10 unused Assets to reduce memory usage. Loaded Objects now: 3137.
Total: 1.757387 ms (FindLiveObjects: 0.255508 ms CreateObjectMapping: 0.107419 ms MarkObjects: 1.349850 ms  DeleteObjects: 0.043902 ms)

========================================================================
Received Import Request.
  Time since last request: 457.539702 seconds.
  path: Assets/Scripts/DestroyOffScreen.cs
  artifactKey: Guid(04a5957dc811f4398b694ae8d4fcdf6d) Importer(815301076,1909f56bfc062723c751e8b465ee728b)
Start importing Assets/Scripts/DestroyOffScreen.cs using Guid(04a5957dc811f4398b694ae8d4fcdf6d) Importer(815301076,1909f56bfc062723c751e8b465ee728b)  -> (artifact id: 'e8e38d94c00392a8db8e22a1474a63b7') in 0.276739 seconds 
========================================================================
Received Prepare
Registering precompiled user dll's ...
Registered in 0.001962 seconds.
Begin MonoManager ReloadAssembly
Native extension for OSXStandalone target not found
Refreshing native plugins compatible for Editor in 0.45 ms, found 1 plugins.
Preloading 0 native plugins for Editor in 0.00 ms.
Mono: successfully reloaded assembly
- Completed reload, in  0.926 seconds
Platform modules already initialized, skipping
Refreshing native plugins compatible for Editor in 0.43 ms, found 1 plugins.
Preloading 0 native plugins for Editor in 0.00 ms.
Unloading 2665 Unused Serialized files (Serialized files now loaded: 0)
System memory in use before: 193.0 MB.
System memory in use after: 193.2 MB.

Unloading 10 unused Assets to reduce memory usage. Loaded Objects now: 3140.
Total: 1.647616 ms (FindLiveObjects: 0.180109 ms CreateObjectMapping: 0.086427 ms MarkObjects: 1.339992 ms  DeleteObjects: 0.040420 ms)

========================================================================
Received Import Request.
  Time since last request: 16.264292 seconds.
  path: Assets/Prefabs/Steak.prefab
  artifactKey: Guid(b98b984821d8c47768af55de7368d267) Importer(815301076,1909f56bfc062723c751e8b465ee728b)
Start importing Assets/Prefabs/Steak.prefab using Guid(b98b984821d8c47768af55de7368d267) Importer(815301076,1909f56bfc062723c751e8b465ee728b)  -> (artifact id: '4695d33e323da0f4426c31ab0a03e412') in 0.059184 seconds 
========================================================================
Received Prepare
Registering precompiled user dll's ...
Registered in 0.002152 seconds.
Begin MonoManager ReloadAssembly
Native extension for OSXStandalone target not found
Refreshing native plugins compatible for Editor in 0.44 ms, found 1 plugins.
Preloading 0 native plugins for Editor in 0.00 ms.
Mono: successfully reloaded assembly
- Completed reload, in  0.920 seconds
Platform modules already initialized, skipping
Refreshing native plugins compatible for Editor in 0.41 ms, found 1 plugins.
Preloading 0 native plugins for Editor in 0.00 ms.
Unloading 2665 Unused Serialized files (Serialized files now loaded: 0)
System memory in use before: 193.3 MB.
System memory in use after: 193.5 MB.

Unloading 10 unused Assets to reduce memory usage. Loaded Objects now: 3144.
Total: 1.706072 ms (FindLiveObjects: 0.190107 ms CreateObjectMapping: 0.097112 ms MarkObjects: 1.374781 ms  DeleteObjects: 0.043402 ms)

========================================================================
Received Import Request.
  Time since last request: 99.938089 seconds.
  path: Assets/Prefabs/Farm/Animal_Rooster_Brown.prefab
  artifactKey: Guid(3fe800c166ae0d04881a20247bde736d) Importer(815301076,1909f56bfc062723c751e8b465ee728b)
Start importing Assets/Prefabs/Farm/Animal_Rooster_Brown.prefab using Guid(3fe800c166ae0d04881a20247bde736d) Importer(815301076,1909f56bfc062723c751e8b465ee728b)  -> (artifact id: 'c6a2e9bc5c0cb341123f8c7ab365c406') in 0.066329 seconds 
========================================================================
Received Import Request.
  Time since last request: 19.284449 seconds.
  path: Assets/Prefabs/Farm/Animal_Rooster_Brown.prefab
  artifactKey: Guid(3fe800c166ae0d04881a20247bde736d) Importer(815301076,1909f56bfc062723c751e8b465ee728b)
Start importing Assets/Prefabs/Farm/Animal_Rooster_Brown.prefab using Guid(3fe800c166ae0d04881a20247bde736d) Importer(815301076,1909f56bfc062723c751e8b465ee728b)  -> (artifact id: 'a38d610f98037c9b1065f33644853371') in 0.015336 seconds 
========================================================================
Received Import Request.
  Time since last request: 5.223879 seconds.
  path: Assets/Prefabs/Farm/Animal_Rooster_Brown.prefab
  artifactKey: Guid(3fe800c166ae0d04881a20247bde736d) Importer(815301076,1909f56bfc062723c751e8b465ee728b)
Start importing Assets/Prefabs/Farm/Animal_Rooster_Brown.prefab using Guid(3fe800c166ae0d04881a20247bde736d) Importer(815301076,1909f56bfc062723c751e8b465ee728b)  -> (artifact id: '65a3a2ec96ce99c52df4ce05b04cc2a9') in 0.015477 seconds 
========================================================================
Received Import Request.
  Time since last request: 8.663305 seconds.
  path: Assets/Prefabs/Farm/Animal_Rooster_Brown.prefab
  artifactKey: Guid(3fe800c166ae0d04881a20247bde736d) Importer(815301076,1909f56bfc062723c751e8b465ee728b)
Start importing Assets/Prefabs/Farm/Animal_Rooster_Brown.prefab using Guid(3fe800c166ae0d04881a20247bde736d) Importer(815301076,1909f56bfc062723c751e8b465ee728b)  -> (artifact id: 'c0f0ce3934d5f15fdaa2f35544015428') in 0.016054 seconds 
========================================================================
Received Import Request.
  Time since last request: 36.147977 seconds.
  path: Assets/Prefabs/Farm/Animal_Rooster_Brown.prefab
  artifactKey: Guid(3fe800c166ae0d04881a20247bde736d) Importer(815301076,1909f56bfc062723c751e8b465ee728b)
Start importing Assets/Prefabs/Farm/Animal_Rooster_Brown.prefab using Guid(3fe800c166ae0d04881a20247bde736d) Importer(815301076,1909f56bfc062723c751e8b465ee728b)  -> (artifact id: '66e24ef6251e651e00d06f997bf02dd3') in 0.017020 seconds 
========================================================================
Received Import Request.
  Time since last request: 9.406894 seconds.
  path: Assets/Prefabs/Dogs/Dog_SaintBernard_01.prefab
  artifactKey: Guid(7e327461e79cb2a479e055d455c9a2fd) Importer(815301076,1909f56bfc062723c751e8b465ee728b)
Start importing Assets/Prefabs/Dogs/Dog_SaintBernard_01.prefab using Guid(7e327461e79cb2a479e055d455c9a2fd) Importer(815301076,1909f56bfc062723c751e8b465ee728b)  -> (artifact id: 'f9a09dd68b19172bf328c9ba23bff3a2') in 0.060456 seconds 
========================================================================
Received Import Request.
  Time since last request: 6.988453 seconds.
  path: Assets/Prefabs/Forest/Animal_Stag_01.prefab
  artifactKey: Guid(ff249e9534924c744bdfa6a3d2d1746c) Importer(815301076,1909f56bfc062723c751e8b465ee728b)
Start importing Assets/Prefabs/Forest/Animal_Stag_01.prefab using Guid(ff249e9534924c744bdfa6a3d2d1746c) Importer(815301076,1909f56bfc062723c751e8b465ee728b)  -> (artifact id: 'c12f4d258864a29f2b24abb2ed7beb5a') in 0.028112 seconds 
========================================================================
Received Prepare
Registering precompiled user dll's ...
Registered in 0.001783 seconds.
Begin MonoManager ReloadAssembly
Native extension for OSXStandalone target not found
Refreshing native plugins compatible for Editor in 0.43 ms, found 1 plugins.
Preloading 0 native plugins for Editor in 0.00 ms.
Mono: successfully reloaded assembly
- Completed reload, in  0.956 seconds
Platform modules already initialized, skipping
Refreshing native plugins compatible for Editor in 0.51 ms, found 1 plugins.
Preloading 0 native plugins for Editor in 0.00 ms.
Unloading 2665 Unused Serialized files (Serialized files now loaded: 0)
System memory in use before: 193.9 MB.
System memory in use after: 194.1 MB.

Unloading 10 unused Assets to reduce memory usage. Loaded Objects now: 3148.
Total: 2.034723 ms (FindLiveObjects: 0.224794 ms CreateObjectMapping: 0.108922 ms MarkObjects: 1.652774 ms  DeleteObjects: 0.047599 ms)

